WARNING: All log messages before absl::InitializeLog() is called are written to STDERR
I0000 00:00:1790272614.897128 1579195 gl_context_egl.cc:85] Successfully initialized EGL. Major : 1 Minor: 5
I0000 00:00:1790272614.933375 1579245 gl_context.cc:357] GL version: 3.2 (OpenGL ES 3.2 NVIDIA 575.57.08), renderer: NVIDIA GeForce RTX 3080/PCIe/SSE2
INFO: Created TensorFlow Lite XNNPACK delegate for CPU.
W0000 00:00:1790272614.986262 1579259 inference_feedback_manager.cc:114] Feedback manager requires a model with a single signature inference. Disabling support for feedback tensors.
W0000 00:00:1790272615.062241 1579264 inference_feedback_manager.cc:114] Feedback manager requires a model with a single signature inference. Disabling support for feedback tensors.
W0000 00:00:1790272615.213049 1579272 landmark_projection_calculator.cc:186] Using NORM_RECT without IMAGE_DIMENSIONS is only supported for the square ROI. Provide IMAGE_DIMENSIONS or use PROJECTION_MATRIX.
/home/luo/anaconda3/lib/python3.11/site-packages/google/protobuf/symbol_database.py:55: UserWarning: SymbolDatabase.GetPrototype() is deprecated. Please use message_factory.GetMessageClass() instead. SymbolDatabase.GetPrototype() will be removed soon.
  warnings.warn('SymbolDatabase.GetPrototype() is deprecated. Please '
[INFO] Model: /home/luo/Desktop/bimanual-tracking/v1/mediapipe/models/pose_landmarker_heavy.task
[INFO] Inference delegate: cpu
[INFO] Bag opened: ENSC498_arms_outstretched_pose_test_arm_test.bag (640x480, color format format.bgr8)
[>] 100 frames (100 with pose, 10.8 fps)
[>] 200 frames (200 with pose, 10.8 fps)
[>] 300 frames (300 with pose, 10.9 fps)
[>] 400 frames (400 with pose, 10.9 fps)
[>] 500 frames (500 with pose, 10.9 fps)
[>] 600 frames (600 with pose, 10.9 fps)
[>] 700 frames (700 with pose, 10.9 fps)
[>] 800 frames (800 with pose, 10.9 fps)

[+] Done: 899 frames, 899 with pose (87.4s)
[+] Blocked landmark cells: 2 (low_vis 2, no_depth 0)
[+] CSV:  /home/luo/Desktop/bimanual-tracking/presentation/defense_2026/bank_processing/p13/landmarks_raw.csv
[+] Meta: /home/luo/Desktop/bimanual-tracking/presentation/defense_2026/bank_processing/p13/landmarks_raw.meta.json
LOGGED 899 exact inference frames for p13
