saved /home/luo/Desktop/Tracking-and-Reconstruction-of-Bi-Manual-Object-Handling-Task-Using-RGB-D-Sensing/writing/v8/condensed/Chapter_2_Experimental_Setup.docx | items: 73
saved /home/luo/Desktop/Tracking-and-Reconstruction-of-Bi-Manual-Object-Handling-Task-Using-RGB-D-Sensing/writing/v8/condensed/Chapter_5_Pose_Recovery.docx | items: 118
saved /home/luo/Desktop/Tracking-and-Reconstruction-of-Bi-Manual-Object-Handling-Task-Using-RGB-D-Sensing/writing/v8/condensed/Thesis_V8_Condensed_TOC.docx | entries: 118
saved /home/luo/Desktop/Tracking-and-Reconstruction-of-Bi-Manual-Object-Handling-Task-Using-RGB-D-Sensing/writing/v8/condensed/FrontMatter_V8_Condensed.docx
abstract words: 333 | figures listed: 50 | tables listed: 27 | toc entries: 118
literature citations: {'status': 'PASS', 'citation_occurrences': 133, 'cited_entries': 58, 'source_entries': 59, 'removed_uncited_source_numbers': [50], 'source_paragraphs_verified': 1900, 'checks': ['every source paragraph preserves text except citation numbers', 'every final citation resolves to the exact source reference text', 'global first-appearance order includes appendices', 'final bibliography is contiguous and contains no uncited entries']}

counts per part, before the merge
  Front matter                       paragraphs  354 | tables   1 | images   0 | equations    0
  Chapter 1                          paragraphs   73 | tables   1 | images   0 | equations    0
  Chapter 2                          paragraphs  235 | tables   4 | images   9 | equations   32
  Chapter 3                          paragraphs  227 | tables  25 | images   7 | equations  129
  Chapter 4                          paragraphs   53 | tables   3 | images   2 | equations   20
  Chapter 5                          paragraphs  221 | tables  13 | images   5 | equations  118
  Chapter 6                          paragraphs  167 | tables   8 | images   5 | equations   22
  Chapter 7                          paragraphs  399 | tables  15 | images  11 | equations    6
  Chapter 8                          paragraphs   82 | tables   1 | images   3 | equations    0
  Chapter 9                          paragraphs  102 | tables   1 | images   2 | equations    0
  Chapter 10                         paragraphs   17 | tables   0 | images   0 | equations    0
  Appendices                         paragraphs  324 | tables  12 | images   8 | equations   12
  References (58 entries)            paragraphs   59 | tables   0 | images   0 | equations    0
  SUM                                paragraphs 2313 | tables  84 | images  52 | equations  339
  ASSEMBLED DOCUMENT                 paragraphs 2313 | tables  84 | images  52 | equations  339
  counts: PASS
saved /home/luo/Desktop/Tracking-and-Reconstruction-of-Bi-Manual-Object-Handling-Task-Using-RGB-D-Sensing/writing/v8/condensed/Thesis_V8_Condensed_TOC.docx | entries: 118

headings: 112 body entries in the table of contents, 119 headings in the document
  order and uniqueness: PASS
  sequence: Chapter 1 | Chapter 2 | Chapter 3 | Chapter 4 | Chapter 5 | Chapter 6 | Chapter 7 | Chapter 8 | Chapter 9 | Chapter 10 | Appendix A | Appendix B | Appendix C | Appendix D | Appendix E | Appendix F | Appendix G | Appendix H | References

placeholders in the assembled document: 1
  bold  [DATE APPROVED]                                      Approval
  all bold: PASS

image parts in the package: 52 | unresolved image references: 0
  images: PASS

fonts in the body (w:ascii values): []
colours in the body (w:color values): []
theme font references: 0 | theme colour references: 0

saved /home/luo/Desktop/Tracking-and-Reconstruction-of-Bi-Manual-Object-Handling-Task-Using-RGB-D-Sensing/writing/v8/Thesis_V8_Condensed.docx
saved /home/luo/Desktop/Tracking-and-Reconstruction-of-Bi-Manual-Object-Handling-Task-Using-RGB-D-Sensing/writing/v8/condensed/Thesis_V8_Condensed_Placeholders.md
